// Jest Snapshot v1, https://goo.gl/fbAQLP

exports[`should render BudgetDashboardPage correctly 1`] = `
<div>
  <Connect(BudgetSummary) />
</div>
`;
