// Jest Snapshot v1, https://goo.gl/fbAQLP

exports[`should render ExpensifyModal correctly 1`] = `
<Modal
  ariaHideApp={false}
  bodyOpenClassName="ReactModal__Body--open"
  className="modal"
  closeTimeoutMS={200}
  contentLabel="Expensify"
  isOpen={false}
  onRequestClose={[Function]}
  parentSelector={[Function]}
  portalClassName="ReactModalPortal"
  role="dialog"
  shouldCloseOnEsc={true}
  shouldCloseOnOverlayClick={true}
  shouldFocusAfterRender={true}
  shouldReturnFocusAfterClose={true}
>
  <h3
    className="modal__title"
  />
  <p
    className="modal__body"
  >
    Do you really want to remove this expense?
  </p>
  <div
    className="container"
  >
    <button
      className="button button__half button--success"
      onClick={[Function]}
    >
      Yes
    </button>
    <button
      className="button button__half button--cancel"
      onClick={[Function]}
    >
      No
    </button>
  </div>
</Modal>
`;
