// Jest Snapshot v1, https://goo.gl/fbAQLP

exports[`should render IncomeDashboardPage correctly 1`] = `
<div>
  <Connect(IncomesSummary) />
  <Connect(ExpenseListFilters) />
  <Connect(IncomeList) />
</div>
`;
